// Jest Snapshot v1, https://goo.gl/fbAQLP

exports[`<Header /> Should render correctly 1`] = `
<header
  className="flex items-center justify-between px4"
>
  <div>
    <h1
      className="h1 inline-block mr2"
    >
      üçΩMy Recipes
    </h1>
    <span
      className="mr1"
    >
      by
    </span>
    <img
      alt="logo"
      src="test-file-mock"
      style={
        Object {
          "width": 30,
        }
      }
    />
  </div>
  <nav>
    <a
      aria-current="page"
      className="rounded p1 black text-decoration-none bg-gray"
      href="/"
      onClick={[Function]}
      style={Object {}}
    >
      Home
    </a>
    <a
      aria-current={null}
      className="rounded p1 black text-decoration-none"
      href="/favorites"
      onClick={[Function]}
    >
      Favorites
    </a>
  </nav>
</header>
`;
